E:\ASP.NET\nangcao\HP_Detailing\Data\DbInitializer.cs(42,21): error CS0136: A local or parameter named 'services' cannot be declared in this scope because that name is used in an enclosing local scope to define a local or parameter [E:\ASP.NET\nangcao\HP_Detailing\HP_Detailing.csproj]
E:\ASP.NET\nangcao\HP_Detailing\Controllers\TicketsController.cs(697,23): warning CS8618: Non-nullable property 'Status' must contain a non-null value when exiting constructor. Consider adding the 'required' modifier or declaring the property as nullable. [E:\ASP.NET\nangcao\HP_Detailing\HP_Detailing.csproj]
E:\ASP.NET\nangcao\HP_Detailing\Controllers\TicketsController.cs(54,40): warning CS8601: Possible null reference assignment. [E:\ASP.NET\nangcao\HP_Detailing\HP_Detailing.csproj]
E:\ASP.NET\nangcao\HP_Detailing\Controllers\TicketsController.cs(55,41): warning CS8601: Possible null reference assignment. [E:\ASP.NET\nangcao\HP_Detailing\HP_Detailing.csproj]
E:\ASP.NET\nangcao\HP_Detailing\Controllers\TicketsController.cs(56,33): warning CS8601: Possible null reference assignment. [E:\ASP.NET\nangcao\HP_Detailing\HP_Detailing.csproj]
E:\ASP.NET\nangcao\HP_Detailing\Controllers\TicketsController.cs(57,36): warning CS8601: Possible null reference assignment. [E:\ASP.NET\nangcao\HP_Detailing\HP_Detailing.csproj]
E:\ASP.NET\nangcao\HP_Detailing\Controllers\TicketsController.cs(178,32): warning CS8601: Possible null reference assignment. [E:\ASP.NET\nangcao\HP_Detailing\HP_Detailing.csproj]
E:\ASP.NET\nangcao\HP_Detailing\Controllers\TicketsController.cs(188,36): warning CS8601: Possible null reference assignment. [E:\ASP.NET\nangcao\HP_Detailing\HP_Detailing.csproj]
E:\ASP.NET\nangcao\HP_Detailing\Controllers\TicketsController.cs(189,37): warning CS8601: Possible null reference assignment. [E:\ASP.NET\nangcao\HP_Detailing\HP_Detailing.csproj]
E:\ASP.NET\nangcao\HP_Detailing\Controllers\TicketsController.cs(190,29): warning CS8601: Possible null reference assignment. [E:\ASP.NET\nangcao\HP_Detailing\HP_Detailing.csproj]
E:\ASP.NET\nangcao\HP_Detailing\Controllers\TicketsController.cs(191,32): warning CS8601: Possible null reference assignment. [E:\ASP.NET\nangcao\HP_Detailing\HP_Detailing.csproj]
E:\ASP.NET\nangcao\HP_Detailing\Controllers\FinancialController.cs(69,40): warning CS8601: Possible null reference assignment. [E:\ASP.NET\nangcao\HP_Detailing\HP_Detailing.csproj]
E:\ASP.NET\nangcao\HP_Detailing\Controllers\FinancialController.cs(70,40): warning CS8601: Possible null reference assignment. [E:\ASP.NET\nangcao\HP_Detailing\HP_Detailing.csproj]
E:\ASP.NET\nangcao\HP_Detailing\Controllers\FinancialController.cs(71,40): warning CS8601: Possible null reference assignment. [E:\ASP.NET\nangcao\HP_Detailing\HP_Detailing.csproj]
E:\ASP.NET\nangcao\HP_Detailing\Views\Profile\Index.cshtml(168,56): warning CS8605: Unboxing a possibly null value. [E:\ASP.NET\nangcao\HP_Detailing\HP_Detailing.csproj]

Build FAILED.

E:\ASP.NET\nangcao\HP_Detailing\Controllers\TicketsController.cs(697,23): warning CS8618: Non-nullable property 'Status' must contain a non-null value when exiting constructor. Consider adding the 'required' modifier or declaring the property as nullable. [E:\ASP.NET\nangcao\HP_Detailing\HP_Detailing.csproj]
E:\ASP.NET\nangcao\HP_Detailing\Controllers\TicketsController.cs(54,40): warning CS8601: Possible null reference assignment. [E:\ASP.NET\nangcao\HP_Detailing\HP_Detailing.csproj]
E:\ASP.NET\nangcao\HP_Detailing\Controllers\TicketsController.cs(55,41): warning CS8601: Possible null reference assignment. [E:\ASP.NET\nangcao\HP_Detailing\HP_Detailing.csproj]
E:\ASP.NET\nangcao\HP_Detailing\Controllers\TicketsController.cs(56,33): warning CS8601: Possible null reference assignment. [E:\ASP.NET\nangcao\HP_Detailing\HP_Detailing.csproj]
E:\ASP.NET\nangcao\HP_Detailing\Controllers\TicketsController.cs(57,36): warning CS8601: Possible null reference assignment. [E:\ASP.NET\nangcao\HP_Detailing\HP_Detailing.csproj]
E:\ASP.NET\nangcao\HP_Detailing\Controllers\TicketsController.cs(178,32): warning CS8601: Possible null reference assignment. [E:\ASP.NET\nangcao\HP_Detailing\HP_Detailing.csproj]
E:\ASP.NET\nangcao\HP_Detailing\Controllers\TicketsController.cs(188,36): warning CS8601: Possible null reference assignment. [E:\ASP.NET\nangcao\HP_Detailing\HP_Detailing.csproj]
E:\ASP.NET\nangcao\HP_Detailing\Controllers\TicketsController.cs(189,37): warning CS8601: Possible null reference assignment. [E:\ASP.NET\nangcao\HP_Detailing\HP_Detailing.csproj]
E:\ASP.NET\nangcao\HP_Detailing\Controllers\TicketsController.cs(190,29): warning CS8601: Possible null reference assignment. [E:\ASP.NET\nangcao\HP_Detailing\HP_Detailing.csproj]
E:\ASP.NET\nangcao\HP_Detailing\Controllers\TicketsController.cs(191,32): warning CS8601: Possible null reference assignment. [E:\ASP.NET\nangcao\HP_Detailing\HP_Detailing.csproj]
E:\ASP.NET\nangcao\HP_Detailing\Controllers\FinancialController.cs(69,40): warning CS8601: Possible null reference assignment. [E:\ASP.NET\nangcao\HP_Detailing\HP_Detailing.csproj]
E:\ASP.NET\nangcao\HP_Detailing\Controllers\FinancialController.cs(70,40): warning CS8601: Possible null reference assignment. [E:\ASP.NET\nangcao\HP_Detailing\HP_Detailing.csproj]
E:\ASP.NET\nangcao\HP_Detailing\Controllers\FinancialController.cs(71,40): warning CS8601: Possible null reference assignment. [E:\ASP.NET\nangcao\HP_Detailing\HP_Detailing.csproj]
E:\ASP.NET\nangcao\HP_Detailing\Views\Profile\Index.cshtml(168,56): warning CS8605: Unboxing a possibly null value. [E:\ASP.NET\nangcao\HP_Detailing\HP_Detailing.csproj]
E:\ASP.NET\nangcao\HP_Detailing\Data\DbInitializer.cs(42,21): error CS0136: A local or parameter named 'services' cannot be declared in this scope because that name is used in an enclosing local scope to define a local or parameter [E:\ASP.NET\nangcao\HP_Detailing\HP_Detailing.csproj]
    14 Warning(s)
    1 Error(s)

Time Elapsed 00:01:25.22
